I'm sorry, but errors were detected in your script. Please correct the
errors listed below, and try again.


File "game/endings.rpy", line 23: expected statement.
    elif GPA == 4:
             ^

File "game/endings.rpy", line 25: expected statement.
    elif GPA >= 3 and finalshowdown == 1:
             ^

File "game/endings.rpy", line 27: expected statement.
    elif GPA >= 3 and finalshowdown == 0:
             ^

File "game/endings.rpy", line 29: expected statement.
    elif GPA < 3 and finalshowdown == 1:
             ^

File "game/endings.rpy", line 31: expected statement.
    else:
        ^

Ren'Py Version: Ren'Py 7.3.2.320
Wed Nov 20 09:36:11 2019
